Verification output: E:\tem_simulator_v2\tmp\part_model_tests_i1l1ndxd
........................................................................ [ 11%]
........................................................................ [ 22%]
........................................................................ [ 33%]
........................................................................ [ 45%]
........................................................................ [ 56%]
........................................................................ [ 67%]
........................................................................ [ 79%]
........................................................................ [ 90%]
............................................................             [100%]
============================== warnings summary ===============================
tests/test_mvp_core.py::test_every_c2_assembly_can_propagate_beyond_its_last_wall[Thermionic]
  E:\tem_simulator_v2\src\temsim\physics\ray_integrator.py:158: RuntimeWarning: overflow encountered in cast
    X[saved], TX[saved], Y[saved], TY[saved] = x, tx, y, ty

tests/test_mvp_core.py::test_every_c2_assembly_can_propagate_beyond_its_last_wall[Thermionic]
  E:\tem_simulator_v2\src\temsim\physics\recording_clipping.py:44: RuntimeWarning: invalid value encountered in subtract
    xx=(x[lo]+f*(x[hi]-x[lo]))*1e3;yy=(y[lo]+f*(y[hi]-y[lo]))*1e3

-- Docs: https://docs.pytest.org/en/stable/how-to/capture-warnings.html
============================ slowest 10 durations =============================
11.90s setup    tests/test_part_model_editor.py::test_mainwindow_keeps_original_2d_view_and_binds_model_selection_and_project_save
10.79s call     tests/test_toml_authority.py::test_all_catalog_assemblies_apply_one_authority_per_runtime_part
6.35s call     tests/test_mvp_core.py::test_every_lens_and_preset_uses_at_most_one_hundred_percent
5.09s call     tests/test_mvp_core.py::test_every_c2_assembly_can_propagate_beyond_its_last_wall[FEG + Mono]
4.09s call     tests/test_part_geometry_integration.py::test_layout_selection_opens_editor_and_applies_only_material_diameter
3.87s call     tests/test_magnetic_validation.py::test_worker_failure_preserves_the_displayed_report
3.83s call     tests/test_part_geometry_integration.py::test_apply_preserves_existing_toml_drafts_including_invalid_text
3.52s setup    tests/test_part_geometry_integration.py::test_layout_selection_opens_editor_and_applies_only_material_diameter
3.50s call     tests/test_mvp_core.py::test_every_c2_assembly_can_propagate_beyond_its_last_wall[Thermionic]
3.49s call     tests/test_gui_shell.py::test_layout_selection_opens_unmodelled_iliad_component_toml
636 passed, 2 warnings in 178.35s (0:02:58)
E:\tem_simulator_v2\.venv\Lib\site-packages\pyqtgraph\graphicsItems\ViewBox\ViewBox.py:1818: RuntimeWarning: Failed to disconnect (NoneType) from signal "destroyed()".
  k.destroyed.disconnect()
