tests/test_aberration_model.py: 8
tests/test_application_style.py: 2
tests/test_atomistic_specimen.py: 9
tests/test_background_calculation_requests.py: 22
tests/test_background_preview_gui.py: 4
tests/test_bank_readout_bridge.py: 10
tests/test_cache_preferences.py: 25
tests/test_cache_settings_integration.py: 1
tests/test_calculation_cache_reuse.py: 36
tests/test_calculation_controller.py: 24
tests/test_calculation_manifest_artifacts.py: 23
tests/test_canonical_ray_integration.py: 5
tests/test_column_wall.py: 9
tests/test_compute_backend.py: 7
tests/test_condenser_field_calibration.py: 12
tests/test_corrector_calibration.py: 4
tests/test_cuda_multislice_plan.py: 3
tests/test_design_experiments.py: 6
tests/test_design_explorer.py: 21
tests/test_design_sweep_execution.py: 18
tests/test_detector_orientation_manifest.py: 6
tests/test_detector_point_spread.py: 18
tests/test_diagnostics.py: 6
tests/test_direct_alignment.py: 44
tests/test_direct_alignment_precalibration.py: 5
tests/test_downstream_transport.py: 18
tests/test_eds_detector_geometry.py: 10
tests/test_eds_photon_transport_v2.py: 7
tests/test_eds_signal.py: 13
tests/test_eels_forward.py: 7
tests/test_elastic_transport.py: 15
tests/test_electron_gun_timing.py: 3
tests/test_energy_filter_physical_layout.py: 8
tests/test_excitation_headroom.py: 4
tests/test_field_polarity_manifest.py: 12
tests/test_first_order_transfer.py: 4
tests/test_fixed_apertures.py: 8
tests/test_fourdstem.py: 13
tests/test_fourdstem_cache_products.py: 5
tests/test_fourdstem_user_wiring.py: 7
tests/test_gui_shell.py: 71
tests/test_incremental_magnetic_scene.py: 7
tests/test_incremental_ray_scene.py: 24
tests/test_input_policy.py: 11
tests/test_interactive_cache_capacity.py: 15
tests/test_interactive_calculation.py: 16
tests/test_interactive_layout.py: 15
tests/test_lazy_ray_panels.py: 12
tests/test_lens_field_provider.py: 7
tests/test_lens_material_defaults.py: 13
tests/test_live_slider_refresh.py: 7
tests/test_live_tuning_dock.py: 4
tests/test_live_tuning_performance.py: 16
tests/test_magnetic_circuits.py: 19
tests/test_magnetic_lens_aberration.py: 5
tests/test_magnetic_validation.py: 22
tests/test_manifest_editing.py: 1
tests/test_model_inspector.py: 2
tests/test_multislice.py: 11
tests/test_mvp_core.py: 48
tests/test_nanoprobe_production_refinement.py: 3
tests/test_nanopulser_assembly.py: 8
tests/test_nanopulser_condenser_presets.py: 16
tests/test_nanopulser_gui.py: 6
tests/test_nanopulser_physics.py: 15
tests/test_no_illumination.py: 5
tests/test_nonlinear_magnetostatics.py: 22
tests/test_objective_plane_cache.py: 25
tests/test_operating_modes.py: 8
tests/test_optical_tuning.py: 11
tests/test_post_projector_detector_chamber.py: 5
tests/test_probe_corrector_calibration.py: 10
tests/test_probe_shape_diagnostics.py: 13
tests/test_projector_field_calibration.py: 9
tests/test_ray_display_cache.py: 21
tests/test_real_inelastic.py: 9
tests/test_record_plane.py: 6
tests/test_sample_axial_field_transport.py: 3
tests/test_sample_interactions_3d.py: 10
tests/test_sample_model_v2.py: 12
tests/test_sample_page.py: 10
tests/test_sample_plane_boundary.py: 8
tests/test_sample_profile_v2.py: 6
tests/test_sample_region.py: 7
tests/test_scan_system.py: 19
tests/test_scientific_output_gui.py: 3
tests/test_segmented_column_cache.py: 10
tests/test_shared_image_sources.py: 3
tests/test_simulation_modes.py: 14
tests/test_six_stage_physics.py: 9
tests/test_specimen_interaction_engine.py: 12
tests/test_specimen_scene.py: 4
tests/test_specimen_support.py: 5
tests/test_specimen_transport_performance.py: 8
tests/test_standard_beam_blanker.py: 8
tests/test_stem_contrast_reference.py: 4
tests/test_stem_cuda_pipeline.py: 4
tests/test_stem_detector_control.py: 5
tests/test_stem_observables_v2.py: 2
tests/test_stem_result_sources.py: 9
tests/test_stem_sampling.py: 11
tests/test_stem_sampling_gui.py: 5
tests/test_tem_result_sources.py: 5
tests/test_toml_authority.py: 10
tests/test_vector_field_transport.py: 14
tests/test_virtual_specimen.py: 10
tests/test_virtual_stem_transport.py: 2
tests/test_wave_fft.py: 3
tests/test_wave_imaging.py: 18
tests/test_workspace_layouts.py: 8

