tests/test_stem_recording_deflection.py::test_static_and_raster_descan_match_ray_propagation_and_conserve_weight[False]
tests/test_stem_recording_deflection.py::test_static_and_raster_descan_match_ray_propagation_and_conserve_weight[True]
tests/test_stem_recording_deflection.py::test_wave_plan_without_legacy_shifts_matches_stored_cube_and_ray_reference
tests/test_stem_recording_deflection.py::test_legacy_cube_identity_is_preserved_but_dynamic_replay_requires_times
tests/test_stem_recording_deflection.py::test_sampling_bounds_include_scan_deflection_exactly_once
tests/test_stem_recording_deflection.py::test_legacy_pair_and_wobble_events_follow_the_same_recording_path
tests/test_fixed_apertures.py::test_fixed_stops_are_aperture_leaves_with_non_retractable_controls[FEG-feg_dpa_aperture]
tests/test_fixed_apertures.py::test_fixed_stops_are_aperture_leaves_with_non_retractable_controls[Thermionic-thermionic_anode_aperture]
tests/test_fixed_apertures.py::test_dpa_edits_survive_layout_and_snapshot_and_clip_once
tests/test_fixed_apertures.py::test_dpa_toml_position_and_opening_are_not_reset_by_layout_refresh
tests/test_fixed_apertures.py::test_absent_energy_filter_does_not_clip_or_appear_in_aperture_tree
tests/test_fixed_apertures.py::test_nanopulser_fixed_stop_is_a_toml_editable_aperture
tests/test_fixed_apertures.py::test_closed_dpa_drawing_matches_runtime_and_profile_roundtrip
tests/test_fixed_apertures.py::test_dpa_is_shared_by_geometric_and_coherent_detector_transport
tests/test_six_stage_physics.py::test_vector_specimen_flight_transverse_field_and_plane_reversal
tests/test_six_stage_physics.py::test_magnetostatics_manufactured_solution_converges
tests/test_six_stage_physics.py::test_generated_coil_field_is_cached_and_scales_with_current
tests/test_six_stage_physics.py::test_coherent_intermediate_fourier_and_mask_preserve_absolute_flux
tests/test_six_stage_physics.py::test_wave_gradient_fit_recovers_cs_and_threefold_term
tests/test_six_stage_physics.py::test_intermediate_apertures_use_existing_stop_units
tests/test_six_stage_physics.py::test_camera_pipeline_applies_intermediate_mask_without_renormalising
tests/test_six_stage_physics.py::test_field_derived_mode_is_exclusive_and_invalidates_on_mode_change
tests/test_six_stage_physics.py::test_field_aberrations_use_production_vector_rays

23 tests collected in 3.42s
