13.00s 0/3: Building coupled physical tip/gun mode
13.00s 0/2: Re-solving full tip/gun mode 1; numerical chart 0
13.56s 0/2567: Coherent extraction, acceleration, focusing and apertures
24.70s 448/2567: Coherent extraction, acceleration, focusing and apertures
35.13s 832/2567: Coherent extraction, acceleration, focusing and apertures
45.79s 1216/2567: Coherent extraction, acceleration, focusing and apertures
57.60s 1600/2567: Coherent extraction, acceleration, focusing and apertures
68.04s 1856/2567: Coherent extraction, acceleration, focusing and apertures
80.87s 2112/2567: Coherent extraction, acceleration, focusing and apertures
92.23s 2304/2567: Coherent extraction, acceleration, focusing and apertures
103.17s 2496/2567: Coherent extraction, acceleration, focusing and apertures
107.41s 5/5253: Embedding downstream wave reflection
155.49s 1/2: Re-solving full tip/gun mode 1; numerical chart 1
155.70s 0/2567: Coherent extraction, acceleration, focusing and apertures
166.23s 448/2567: Coherent extraction, acceleration, focusing and apertures
177.55s 832/2567: Coherent extraction, acceleration, focusing and apertures
187.70s 1152/2567: Coherent extraction, acceleration, focusing and apertures
198.80s 1408/2567: Coherent extraction, acceleration, focusing and apertures
212.18s 1664/2567: Coherent extraction, acceleration, focusing and apertures
223.01s 1856/2567: Coherent extraction, acceleration, focusing and apertures
234.47s 2048/2567: Coherent extraction, acceleration, focusing and apertures
247.04s 2240/2567: Coherent extraction, acceleration, focusing and apertures
260.87s 2432/2567: Coherent extraction, acceleration, focusing and apertures
271.25s 5/5253: Embedding downstream wave reflection
279.66s 5/5253: Updating changed reflected-load prefix
291.01s 65/2000000: Refining occupied complex gun wave (processes)
301.49s 1653/2000000: Refining occupied complex gun wave (processes)
311.66s 3163/2000000: Refining occupied complex gun wave (processes)
321.95s 4668/2000000: Refining occupied complex gun wave (processes)
326.99s 4/5252: Updating changed reflected-load prefix
331.81s 1/48: Global complex gun check 1: change 1.569; local 1.245
332.65s 4/5252: Updating changed reflected-load prefix
340.61s 5208/2000000: Refining occupied complex gun wave (processes)
358.36s 4/5252: Updating changed reflected-load prefix
362.99s 2/48: Global complex gun check 2: change 1.579; local 1.244
363.86s 4/5252: Updating changed reflected-load prefix
371.85s 5964/2000000: Refining occupied complex gun wave (processes)
389.61s 4/5252: Updating changed reflected-load prefix
393.19s 3/48: Global complex gun check 3: change 1.531; local 1.119
394.03s 4/5252: Updating changed reflected-load prefix
400.60s 6849/2000000: Refining occupied complex gun wave (processes)
420.89s 4/5252: Updating changed reflected-load prefix
423.59s 4/48: Global complex gun check 4: change 1.48; local 1.069
424.50s 4/5252: Updating changed reflected-load prefix
430.11s 7946/2000000: Refining occupied complex gun wave (processes)
451.60s 4/5252: Updating changed reflected-load prefix
454.49s 5/48: Global complex gun check 5: change 1.395; local 1.064
455.44s 4/5252: Updating changed reflected-load prefix
461.55s 9359/2000000: Refining occupied complex gun wave (processes)
471.74s 10843/2000000: Refining occupied complex gun wave (processes)
487.54s 4/5252: Updating changed reflected-load prefix
490.42s 6/48: Global complex gun check 6: change 1.424; local 0.7635
491.29s 4/5252: Updating changed reflected-load prefix
496.89s 11382/2000000: Refining occupied complex gun wave (processes)
507.03s 12962/2000000: Refining occupied complex gun wave (processes)
517.38s 14526/2000000: Refining occupied complex gun wave (processes)
532.49s 4/5252: Updating changed reflected-load prefix
535.46s 7/48: Global complex gun check 7: change 0.9903; local 0.3827
536.40s 4/5252: Updating changed reflected-load prefix
542.99s 14910/2000000: Refining occupied complex gun wave (processes)
553.35s 16390/2000000: Refining occupied complex gun wave (processes)
563.87s 17945/2000000: Refining occupied complex gun wave (processes)
574.14s 19217/2000000: Refining occupied complex gun wave (processes)
595.60s 4/5252: Updating changed reflected-load prefix
598.71s 8/48: Global complex gun check 8: change 0.5984; local 0.1045
599.58s 4/5252: Updating changed reflected-load prefix
605.67s 20159/2000000: Refining occupied complex gun wave (processes)
615.85s 21572/2000000: Refining occupied complex gun wave (processes)
626.25s 23120/2000000: Refining occupied complex gun wave (processes)
636.48s 24580/2000000: Refining occupied complex gun wave (processes)
646.55s 25949/2000000: Refining occupied complex gun wave (processes)
656.84s 27365/2000000: Refining occupied complex gun wave (processes)
679.10s 4/5252: Updating changed reflected-load prefix
683.01s 9/48: Global complex gun check 9: change 0.4155; local 0.02617
684.04s 4/5252: Updating changed reflected-load prefix
691.18s 28047/2000000: Refining occupied complex gun wave (processes)
701.50s 29432/2000000: Refining occupied complex gun wave (processes)
711.87s 30883/2000000: Refining occupied complex gun wave (processes)
722.26s 32322/2000000: Refining occupied complex gun wave (processes)
732.43s 33749/2000000: Refining occupied complex gun wave (processes)
742.70s 35185/2000000: Refining occupied complex gun wave (processes)
753.21s 36617/2000000: Refining occupied complex gun wave (processes)
775.89s 4/5252: Updating changed reflected-load prefix
779.83s 10/48: Global complex gun check 10: change 0.2639; local 0.01174
781.00s 4/5252: Updating changed reflected-load prefix
788.20s 37386/2000000: Refining occupied complex gun wave (processes)
798.72s 38734/2000000: Refining occupied complex gun wave (processes)
809.18s 40130/2000000: Refining occupied complex gun wave (processes)
819.36s 41539/2000000: Refining occupied complex gun wave (processes)
829.69s 42959/2000000: Refining occupied complex gun wave (processes)
839.93s 44321/2000000: Refining occupied complex gun wave (processes)
850.14s 45707/2000000: Refining occupied complex gun wave (processes)
860.43s 47143/2000000: Refining occupied complex gun wave (processes)
870.88s 48620/2000000: Refining occupied complex gun wave (processes)
894.85s 4/5252: Updating changed reflected-load prefix
898.56s 11/48: Global complex gun check 11: change 0.1764; local 0.008162
899.63s 4/5252: Updating changed reflected-load prefix
906.66s 49582/2000000: Refining occupied complex gun wave (processes)
917.05s 50994/2000000: Refining occupied complex gun wave (processes)
927.48s 52337/2000000: Refining occupied complex gun wave (processes)
937.48s 53447/2000000: Refining occupied complex gun wave (processes)
948.05s 54637/2000000: Refining occupied complex gun wave (processes)
958.32s 55805/2000000: Refining occupied complex gun wave (processes)
968.66s 56988/2000000: Refining occupied complex gun wave (processes)
978.90s 58258/2000000: Refining occupied complex gun wave (processes)
989.22s 59672/2000000: Refining occupied complex gun wave (processes)
999.47s 60915/2000000: Refining occupied complex gun wave (processes)
1009.79s 62286/2000000: Refining occupied complex gun wave (processes)
1019.90s 63739/2000000: Refining occupied complex gun wave (processes)
1030.44s 65227/2000000: Refining occupied complex gun wave (processes)
1040.50s 66400/2000000: Refining occupied complex gun wave (processes)
1050.68s 67741/2000000: Refining occupied complex gun wave (processes)
1060.89s 69103/2000000: Refining occupied complex gun wave (processes)
1092.58s 4/5252: Updating changed reflected-load prefix
1096.36s 12/48: Global complex gun check 12: change 0.1236; local 0.005689
1097.58s 4/5252: Updating changed reflected-load prefix
1106.17s 70365/2000000: Refining occupied complex gun wave (processes)
1116.66s 71444/2000000: Refining occupied complex gun wave (processes)
1127.16s 72708/2000000: Refining occupied complex gun wave (processes)
1137.65s 74001/2000000: Refining occupied complex gun wave (processes)
1147.74s 75248/2000000: Refining occupied complex gun wave (processes)
1158.13s 76431/2000000: Refining occupied complex gun wave (processes)
1168.62s 77693/2000000: Refining occupied complex gun wave (processes)
1178.92s 79057/2000000: Refining occupied complex gun wave (processes)
1189.12s 80458/2000000: Refining occupied complex gun wave (processes)
1199.74s 81727/2000000: Refining occupied complex gun wave (processes)
1210.12s 82840/2000000: Refining occupied complex gun wave (processes)
1220.46s 83809/2000000: Refining occupied complex gun wave (processes)
1231.06s 84778/2000000: Refining occupied complex gun wave (processes)
1241.52s 86053/2000000: Refining occupied complex gun wave (processes)
1251.97s 87347/2000000: Refining occupied complex gun wave (processes)
1262.10s 88616/2000000: Refining occupied complex gun wave (processes)
1272.57s 89693/2000000: Refining occupied complex gun wave (processes)
1282.86s 90689/2000000: Refining occupied complex gun wave (processes)
1293.47s 91757/2000000: Refining occupied complex gun wave (processes)
1303.70s 92826/2000000: Refining occupied complex gun wave (processes)
1314.43s 93921/2000000: Refining occupied complex gun wave (processes)
1345.98s 4/5252: Updating changed reflected-load prefix
1352.04s 13/48: Global complex gun check 13: change 0.08152; local 0.005206
1353.57s 4/5252: Updating changed reflected-load prefix
1365.93s 94812/2000000: Refining occupied complex gun wave (processes)
1376.63s 95858/2000000: Refining occupied complex gun wave (processes)
1387.20s 96967/2000000: Refining occupied complex gun wave (processes)
1397.84s 98090/2000000: Refining occupied complex gun wave (processes)
1407.89s 99165/2000000: Refining occupied complex gun wave (processes)
1418.43s 100273/2000000: Refining occupied complex gun wave (processes)
1428.89s 101493/2000000: Refining occupied complex gun wave (processes)
1439.25s 102754/2000000: Refining occupied complex gun wave (processes)
1449.43s 104016/2000000: Refining occupied complex gun wave (processes)
1460.07s 105202/2000000: Refining occupied complex gun wave (processes)
1470.25s 106184/2000000: Refining occupied complex gun wave (processes)
1480.35s 107229/2000000: Refining occupied complex gun wave (processes)
1490.73s 108274/2000000: Refining occupied complex gun wave (processes)
1500.93s 109316/2000000: Refining occupied complex gun wave (processes)
1511.08s 110379/2000000: Refining occupied complex gun wave (processes)
1521.47s 111496/2000000: Refining occupied complex gun wave (processes)
1531.93s 112577/2000000: Refining occupied complex gun wave (processes)
1542.27s 113718/2000000: Refining occupied complex gun wave (processes)
1552.47s 114818/2000000: Refining occupied complex gun wave (processes)
1563.00s 115943/2000000: Refining occupied complex gun wave (processes)
1573.17s 117012/2000000: Refining occupied complex gun wave (processes)
1583.72s 118129/2000000: Refining occupied complex gun wave (processes)
1594.05s 119385/2000000: Refining occupied complex gun wave (processes)
1604.61s 120714/2000000: Refining occupied complex gun wave (processes)
1614.69s 121970/2000000: Refining occupied complex gun wave (processes)
1624.83s 123117/2000000: Refining occupied complex gun wave (processes)
1635.43s 124104/2000000: Refining occupied complex gun wave (processes)
1645.99s 125089/2000000: Refining occupied complex gun wave (processes)
1656.43s 126059/2000000: Refining occupied complex gun wave (processes)
1666.83s 127044/2000000: Refining occupied complex gun wave (processes)
1677.16s 128110/2000000: Refining occupied complex gun wave (processes)
1687.52s 129159/2000000: Refining occupied complex gun wave (processes)
1697.58s 130171/2000000: Refining occupied complex gun wave (processes)
1707.77s 131166/2000000: Refining occupied complex gun wave (processes)
1718.12s 132249/2000000: Refining occupied complex gun wave (processes)
1728.63s 133244/2000000: Refining occupied complex gun wave (processes)
1739.45s 134332/2000000: Refining occupied complex gun wave (processes)
1771.50s 4/5252: Updating changed reflected-load prefix
1776.18s 14/48: Global complex gun check 14: change 0.05719; local 0.003128
1777.55s 4/5252: Updating changed reflected-load prefix
1787.28s 134534/2000000: Refining occupied complex gun wave (processes)
1797.67s 135594/2000000: Refining occupied complex gun wave (processes)
1808.31s 136608/2000000: Refining occupied complex gun wave (processes)
1818.89s 137604/2000000: Refining occupied complex gun wave (processes)
1829.32s 138644/2000000: Refining occupied complex gun wave (processes)
1839.70s 139691/2000000: Refining occupied complex gun wave (processes)
1850.31s 140824/2000000: Refining occupied complex gun wave (processes)
1860.66s 141882/2000000: Refining occupied complex gun wave (processes)
1870.84s 142873/2000000: Refining occupied complex gun wave (processes)
1880.99s 143920/2000000: Refining occupied complex gun wave (processes)
1891.39s 144993/2000000: Refining occupied complex gun wave (processes)
1901.54s 146051/2000000: Refining occupied complex gun wave (processes)
1911.78s 147078/2000000: Refining occupied complex gun wave (processes)
1922.34s 148114/2000000: Refining occupied complex gun wave (processes)
1932.74s 149184/2000000: Refining occupied complex gun wave (processes)
1942.98s 150225/2000000: Refining occupied complex gun wave (processes)
1953.08s 151261/2000000: Refining occupied complex gun wave (processes)
1963.14s 152318/2000000: Refining occupied complex gun wave (processes)
1973.20s 153361/2000000: Refining occupied complex gun wave (processes)
1983.53s 154424/2000000: Refining occupied complex gun wave (processes)
1994.07s 155488/2000000: Refining occupied complex gun wave (processes)
2004.41s 156585/2000000: Refining occupied complex gun wave (processes)
2014.71s 157630/2000000: Refining occupied complex gun wave (processes)
2025.29s 158696/2000000: Refining occupied complex gun wave (processes)
2035.49s 159679/2000000: Refining occupied complex gun wave (processes)
2045.70s 160726/2000000: Refining occupied complex gun wave (processes)
2056.10s 161877/2000000: Refining occupied complex gun wave (processes)
2066.21s 163004/2000000: Refining occupied complex gun wave (processes)
2076.39s 164198/2000000: Refining occupied complex gun wave (processes)
2086.44s 165390/2000000: Refining occupied complex gun wave (processes)
2096.65s 166649/2000000: Refining occupied complex gun wave (processes)
2106.69s 167952/2000000: Refining occupied complex gun wave (processes)
2117.10s 169358/2000000: Refining occupied complex gun wave (processes)
2127.16s 170815/2000000: Refining occupied complex gun wave (processes)
2137.41s 172279/2000000: Refining occupied complex gun wave (processes)
2147.46s 173728/2000000: Refining occupied complex gun wave (processes)
2157.60s 174964/2000000: Refining occupied complex gun wave (processes)
2167.76s 176174/2000000: Refining occupied complex gun wave (processes)
2178.19s 177381/2000000: Refining occupied complex gun wave (processes)
2188.76s 178622/2000000: Refining occupied complex gun wave (processes)
2199.38s 179878/2000000: Refining occupied complex gun wave (processes)
2209.77s 181100/2000000: Refining occupied complex gun wave (processes)
2219.99s 181521/2000000: Refining occupied complex gun wave (processes)
2239.49s 4/5252: Updating changed reflected-load prefix
2245.61s 15/48: Global complex gun check 15: change 0.03632; local 0.002455
2247.33s 4/5252: Updating changed reflected-load prefix
2260.69s 181610/2000000: Refining occupied complex gun wave (processes)
2270.71s 182571/2000000: Refining occupied complex gun wave (processes)
2281.10s 183699/2000000: Refining occupied complex gun wave (processes)
2291.29s 184770/2000000: Refining occupied complex gun wave (processes)
2301.85s 185884/2000000: Refining occupied complex gun wave (processes)
2312.54s 187027/2000000: Refining occupied complex gun wave (processes)
2322.75s 188129/2000000: Refining occupied complex gun wave (processes)
2333.17s 189233/2000000: Refining occupied complex gun wave (processes)
2343.26s 190331/2000000: Refining occupied complex gun wave (processes)
2353.77s 191478/2000000: Refining occupied complex gun wave (processes)
2364.06s 192654/2000000: Refining occupied complex gun wave (processes)
2374.60s 193849/2000000: Refining occupied complex gun wave (processes)
2384.79s 194984/2000000: Refining occupied complex gun wave (processes)
2395.26s 196263/2000000: Refining occupied complex gun wave (processes)
2405.76s 197627/2000000: Refining occupied complex gun wave (processes)
2416.24s 199026/2000000: Refining occupied complex gun wave (processes)
2426.54s 200432/2000000: Refining occupied complex gun wave (processes)
2436.60s 201739/2000000: Refining occupied complex gun wave (processes)
2447.10s 203002/2000000: Refining occupied complex gun wave (processes)
2457.64s 204419/2000000: Refining occupied complex gun wave (processes)
2468.08s 205844/2000000: Refining occupied complex gun wave (processes)
2478.55s 207244/2000000: Refining occupied complex gun wave (processes)
2489.04s 208638/2000000: Refining occupied complex gun wave (processes)
2499.50s 210004/2000000: Refining occupied complex gun wave (processes)
2509.64s 211264/2000000: Refining occupied complex gun wave (processes)
2519.71s 212495/2000000: Refining occupied complex gun wave (processes)
2530.15s 213875/2000000: Refining occupied complex gun wave (processes)
2540.64s 215239/2000000: Refining occupied complex gun wave (processes)
2551.07s 216586/2000000: Refining occupied complex gun wave (processes)
2561.49s 217966/2000000: Refining occupied complex gun wave (processes)
2571.53s 219210/2000000: Refining occupied complex gun wave (processes)
2582.08s 220586/2000000: Refining occupied complex gun wave (processes)
2592.13s 221866/2000000: Refining occupied complex gun wave (processes)
2602.50s 223232/2000000: Refining occupied complex gun wave (processes)
2612.88s 224583/2000000: Refining occupied complex gun wave (processes)
2623.24s 225951/2000000: Refining occupied complex gun wave (processes)
2633.79s 227376/2000000: Refining occupied complex gun wave (processes)
2644.15s 228711/2000000: Refining occupied complex gun wave (processes)
2654.55s 230117/2000000: Refining occupied complex gun wave (processes)
2665.10s 231483/2000000: Refining occupied complex gun wave (processes)
2675.15s 232747/2000000: Refining occupied complex gun wave (processes)
2685.16s 234006/2000000: Refining occupied complex gun wave (processes)
2695.48s 235428/2000000: Refining occupied complex gun wave (processes)
2705.90s 236842/2000000: Refining occupied complex gun wave (processes)
2716.27s 238233/2000000: Refining occupied complex gun wave (processes)
2726.72s 239596/2000000: Refining occupied complex gun wave (processes)
2737.12s 241008/2000000: Refining occupied complex gun wave (processes)
2747.63s 242450/2000000: Refining occupied complex gun wave (processes)
2757.89s 243564/2000000: Refining occupied complex gun wave (processes)
2768.13s 244647/2000000: Refining occupied complex gun wave (processes)
2778.42s 245767/2000000: Refining occupied complex gun wave (processes)
2788.97s 246898/2000000: Refining occupied complex gun wave (processes)
2799.46s 248062/2000000: Refining occupied complex gun wave (processes)
2809.64s 249199/2000000: Refining occupied complex gun wave (processes)
2819.98s 250411/2000000: Refining occupied complex gun wave (processes)
2830.04s 251594/2000000: Refining occupied complex gun wave (processes)
2840.37s 252790/2000000: Refining occupied complex gun wave (processes)
2850.65s 253986/2000000: Refining occupied complex gun wave (processes)
2861.48s 255212/2000000: Refining occupied complex gun wave (processes)
2872.13s 256360/2000000: Refining occupied complex gun wave (processes)
2882.75s 257493/2000000: Refining occupied complex gun wave (processes)
2923.49s 4/5252: Updating changed reflected-load prefix
2930.14s 16/48: Global complex gun check 16: change 0.02195; local 0.002811
2931.77s 4/5252: Updating changed reflected-load prefix
2944.27s 258424/2000000: Refining occupied complex gun wave (processes)
2954.61s 259538/2000000: Refining occupied complex gun wave (processes)
2964.67s 260605/2000000: Refining occupied complex gun wave (processes)
2975.22s 261789/2000000: Refining occupied complex gun wave (processes)
2985.52s 262975/2000000: Refining occupied complex gun wave (processes)
2995.84s 264113/2000000: Refining occupied complex gun wave (processes)
3006.39s 265180/2000000: Refining occupied complex gun wave (processes)
3016.60s 266170/2000000: Refining occupied complex gun wave (processes)
3026.92s 267259/2000000: Refining occupied complex gun wave (processes)
3037.26s 268338/2000000: Refining occupied complex gun wave (processes)
3047.53s 269393/2000000: Refining occupied complex gun wave (processes)
3057.63s 270423/2000000: Refining occupied complex gun wave (processes)
3068.16s 271465/2000000: Refining occupied complex gun wave (processes)
3078.31s 272433/2000000: Refining occupied complex gun wave (processes)
3088.54s 273426/2000000: Refining occupied complex gun wave (processes)
3099.15s 274409/2000000: Refining occupied complex gun wave (processes)
3109.26s 275383/2000000: Refining occupied complex gun wave (processes)
3119.90s 276426/2000000: Refining occupied complex gun wave (processes)
3130.45s 277683/2000000: Refining occupied complex gun wave (processes)
3140.97s 279022/2000000: Refining occupied complex gun wave (processes)
3151.02s 280317/2000000: Refining occupied complex gun wave (processes)
3161.52s 281697/2000000: Refining occupied complex gun wave (processes)
3171.94s 283074/2000000: Refining occupied complex gun wave (processes)
3182.45s 284470/2000000: Refining occupied complex gun wave (processes)
3192.90s 285730/2000000: Refining occupied complex gun wave (processes)
3202.98s 286911/2000000: Refining occupied complex gun wave (processes)
3213.25s 288148/2000000: Refining occupied complex gun wave (processes)
3223.35s 289388/2000000: Refining occupied complex gun wave (processes)
3233.63s 290660/2000000: Refining occupied complex gun wave (processes)
3243.99s 291919/2000000: Refining occupied complex gun wave (processes)
3254.18s 293162/2000000: Refining occupied complex gun wave (processes)
3264.39s 294426/2000000: Refining occupied complex gun wave (processes)
3274.47s 295629/2000000: Refining occupied complex gun wave (processes)
3284.52s 296834/2000000: Refining occupied complex gun wave (processes)
3294.70s 298087/2000000: Refining occupied complex gun wave (processes)
3304.96s 299326/2000000: Refining occupied complex gun wave (processes)
3315.05s 300608/2000000: Refining occupied complex gun wave (processes)
3325.68s 301965/2000000: Refining occupied complex gun wave (processes)
3336.04s 303354/2000000: Refining occupied complex gun wave (processes)
3346.11s 304526/2000000: Refining occupied complex gun wave (processes)
3356.59s 305868/2000000: Refining occupied complex gun wave (processes)
3366.65s 307115/2000000: Refining occupied complex gun wave (processes)
3377.14s 308430/2000000: Refining occupied complex gun wave (processes)
3387.66s 309761/2000000: Refining occupied complex gun wave (processes)
3397.76s 311021/2000000: Refining occupied complex gun wave (processes)
3407.89s 312204/2000000: Refining occupied complex gun wave (processes)
3418.40s 313294/2000000: Refining occupied complex gun wave (processes)
3428.59s 314467/2000000: Refining occupied complex gun wave (processes)
3438.79s 315720/2000000: Refining occupied complex gun wave (processes)
3449.28s 317068/2000000: Refining occupied complex gun wave (processes)
3459.79s 318413/2000000: Refining occupied complex gun wave (processes)
3470.09s 319663/2000000: Refining occupied complex gun wave (processes)
3480.65s 320897/2000000: Refining occupied complex gun wave (processes)
3490.70s 322112/2000000: Refining occupied complex gun wave (processes)
3500.71s 323346/2000000: Refining occupied complex gun wave (processes)
3511.23s 324689/2000000: Refining occupied complex gun wave (processes)
3521.26s 325974/2000000: Refining occupied complex gun wave (processes)
3531.30s 327279/2000000: Refining occupied complex gun wave (processes)
3541.75s 328657/2000000: Refining occupied complex gun wave (processes)
3552.20s 330057/2000000: Refining occupied complex gun wave (processes)
3562.43s 331324/2000000: Refining occupied complex gun wave (processes)
3572.54s 332629/2000000: Refining occupied complex gun wave (processes)
3582.88s 334134/2000000: Refining occupied complex gun wave (processes)
3592.93s 335623/2000000: Refining occupied complex gun wave (processes)
3603.33s 337166/2000000: Refining occupied complex gun wave (processes)
3613.64s 338637/2000000: Refining occupied complex gun wave (processes)
3623.80s 340101/2000000: Refining occupied complex gun wave (processes)
3634.06s 341614/2000000: Refining occupied complex gun wave (processes)
3644.20s 343009/2000000: Refining occupied complex gun wave (processes)
3654.51s 344391/2000000: Refining occupied complex gun wave (processes)
3664.66s 345680/2000000: Refining occupied complex gun wave (processes)
3674.81s 346983/2000000: Refining occupied complex gun wave (processes)
3685.27s 348370/2000000: Refining occupied complex gun wave (processes)
3695.69s 349744/2000000: Refining occupied complex gun wave (processes)
3705.70s 351055/2000000: Refining occupied complex gun wave (processes)
3716.12s 352443/2000000: Refining occupied complex gun wave (processes)
3726.61s 353823/2000000: Refining occupied complex gun wave (processes)
3737.11s 355219/2000000: Refining occupied complex gun wave (processes)
3747.62s 356628/2000000: Refining occupied complex gun wave (processes)
3758.11s 358024/2000000: Refining occupied complex gun wave (processes)
3768.61s 359441/2000000: Refining occupied complex gun wave (processes)
3778.68s 360706/2000000: Refining occupied complex gun wave (processes)
3788.68s 361966/2000000: Refining occupied complex gun wave (processes)
3798.78s 363109/2000000: Refining occupied complex gun wave (processes)
3808.82s 364219/2000000: Refining occupied complex gun wave (processes)
3819.20s 365372/2000000: Refining occupied complex gun wave (processes)
3829.46s 366505/2000000: Refining occupied complex gun wave (processes)
3839.63s 367634/2000000: Refining occupied complex gun wave (processes)
3849.97s 368743/2000000: Refining occupied complex gun wave (processes)
3860.44s 370013/2000000: Refining occupied complex gun wave (processes)
3870.80s 371273/2000000: Refining occupied complex gun wave (processes)
3881.17s 372524/2000000: Refining occupied complex gun wave (processes)
3891.56s 373805/2000000: Refining occupied complex gun wave (processes)
3901.66s 375033/2000000: Refining occupied complex gun wave (processes)
3911.80s 376305/2000000: Refining occupied complex gun wave (processes)
3922.07s 377595/2000000: Refining occupied complex gun wave (processes)
3932.14s 378852/2000000: Refining occupied complex gun wave (processes)
3942.53s 380016/2000000: Refining occupied complex gun wave (processes)
3952.54s 380971/2000000: Refining occupied complex gun wave (processes)
3962.88s 382058/2000000: Refining occupied complex gun wave (processes)
3972.90s 383069/2000000: Refining occupied complex gun wave (processes)
3984.33s 384096/2000000: Refining occupied complex gun wave (processes)
4015.57s 4/5252: Updating changed reflected-load prefix
4023.00s 17/48: Global complex gun check 17: change 0.01572; local 0.001555
4025.15s 4/5252: Updating changed reflected-load prefix
4040.66s 384206/2000000: Refining occupied complex gun wave (processes)
4050.81s 385251/2000000: Refining occupied complex gun wave (processes)
4061.11s 386233/2000000: Refining occupied complex gun wave (processes)
4071.50s 387266/2000000: Refining occupied complex gun wave (processes)
4081.88s 388246/2000000: Refining occupied complex gun wave (processes)
4092.40s 389372/2000000: Refining occupied complex gun wave (processes)
4102.84s 390494/2000000: Refining occupied complex gun wave (processes)
4113.08s 391592/2000000: Refining occupied complex gun wave (processes)
4123.43s 392709/2000000: Refining occupied complex gun wave (processes)
4133.69s 393679/2000000: Refining occupied complex gun wave (processes)
4144.37s 394703/2000000: Refining occupied complex gun wave (processes)
4154.55s 395697/2000000: Refining occupied complex gun wave (processes)
4164.61s 396663/2000000: Refining occupied complex gun wave (processes)
4174.70s 397713/2000000: Refining occupied complex gun wave (processes)
4184.99s 398821/2000000: Refining occupied complex gun wave (processes)
4195.53s 399953/2000000: Refining occupied complex gun wave (processes)
4205.54s 401032/2000000: Refining occupied complex gun wave (processes)
4216.06s 402136/2000000: Refining occupied complex gun wave (processes)
4226.06s 403202/2000000: Refining occupied complex gun wave (processes)
4236.35s 404332/2000000: Refining occupied complex gun wave (processes)
4246.71s 405458/2000000: Refining occupied complex gun wave (processes)
4257.20s 406584/2000000: Refining occupied complex gun wave (processes)
4267.43s 407716/2000000: Refining occupied complex gun wave (processes)
4277.66s 408850/2000000: Refining occupied complex gun wave (processes)
4287.80s 409913/2000000: Refining occupied complex gun wave (processes)
4297.91s 411017/2000000: Refining occupied complex gun wave (processes)
4308.02s 412093/2000000: Refining occupied complex gun wave (processes)
4318.63s 413211/2000000: Refining occupied complex gun wave (processes)
4328.65s 414247/2000000: Refining occupied complex gun wave (processes)
4339.07s 415346/2000000: Refining occupied complex gun wave (processes)
4349.50s 416520/2000000: Refining occupied complex gun wave (processes)
4359.99s 417699/2000000: Refining occupied complex gun wave (processes)
4370.20s 418914/2000000: Refining occupied complex gun wave (processes)
4380.32s 420276/2000000: Refining occupied complex gun wave (processes)
4390.59s 421693/2000000: Refining occupied complex gun wave (processes)
4400.87s 423249/2000000: Refining occupied complex gun wave (processes)
4411.01s 424892/2000000: Refining occupied complex gun wave (processes)
4421.15s 426511/2000000: Refining occupied complex gun wave (processes)
4431.53s 428127/2000000: Refining occupied complex gun wave (processes)
4441.62s 429765/2000000: Refining occupied complex gun wave (processes)
4451.81s 431410/2000000: Refining occupied complex gun wave (processes)
4461.91s 433063/2000000: Refining occupied complex gun wave (processes)
4472.02s 434699/2000000: Refining occupied complex gun wave (processes)
4482.21s 436323/2000000: Refining occupied complex gun wave (processes)
4492.53s 437969/2000000: Refining occupied complex gun wave (processes)
4502.73s 439595/2000000: Refining occupied complex gun wave (processes)
4512.92s 441236/2000000: Refining occupied complex gun wave (processes)
4523.04s 442831/2000000: Refining occupied complex gun wave (processes)
4533.21s 444483/2000000: Refining occupied complex gun wave (processes)
4543.39s 446110/2000000: Refining occupied complex gun wave (processes)
4553.53s 447534/2000000: Refining occupied complex gun wave (processes)
4563.70s 448843/2000000: Refining occupied complex gun wave (processes)
4574.23s 450185/2000000: Refining occupied complex gun wave (processes)
4584.70s 451554/2000000: Refining occupied complex gun wave (processes)
4595.10s 452886/2000000: Refining occupied complex gun wave (processes)
4605.49s 454251/2000000: Refining occupied complex gun wave (processes)
4615.51s 455595/2000000: Refining occupied complex gun wave (processes)
4625.51s 457065/2000000: Refining occupied complex gun wave (processes)
4635.86s 458493/2000000: Refining occupied complex gun wave (processes)
4646.23s 459923/2000000: Refining occupied complex gun wave (processes)
4656.66s 461326/2000000: Refining occupied complex gun wave (processes)
4667.07s 462732/2000000: Refining occupied complex gun wave (processes)
4677.09s 464007/2000000: Refining occupied complex gun wave (processes)
4687.29s 465316/2000000: Refining occupied complex gun wave (processes)
4697.64s 466674/2000000: Refining occupied complex gun wave (processes)
4707.98s 468172/2000000: Refining occupied complex gun wave (processes)
4718.19s 469635/2000000: Refining occupied complex gun wave (processes)
4728.39s 471019/2000000: Refining occupied complex gun wave (processes)
4738.91s 472342/2000000: Refining occupied complex gun wave (processes)
4749.39s 473724/2000000: Refining occupied complex gun wave (processes)
4759.79s 475093/2000000: Refining occupied complex gun wave (processes)
4770.08s 476523/2000000: Refining occupied complex gun wave (processes)
4780.28s 478031/2000000: Refining occupied complex gun wave (processes)
4790.45s 479534/2000000: Refining occupied complex gun wave (processes)
4800.98s 481025/2000000: Refining occupied complex gun wave (processes)
4811.20s 482488/2000000: Refining occupied complex gun wave (processes)
4821.58s 483955/2000000: Refining occupied complex gun wave (processes)
4831.74s 485407/2000000: Refining occupied complex gun wave (processes)
4841.95s 486839/2000000: Refining occupied complex gun wave (processes)
4852.32s 488067/2000000: Refining occupied complex gun wave (processes)
4862.45s 489275/2000000: Refining occupied complex gun wave (processes)
4872.72s 490410/2000000: Refining occupied complex gun wave (processes)
4882.88s 491599/2000000: Refining occupied complex gun wave (processes)
4892.88s 492903/2000000: Refining occupied complex gun wave (processes)
4903.08s 494357/2000000: Refining occupied complex gun wave (processes)
4913.44s 495792/2000000: Refining occupied complex gun wave (processes)
4923.85s 497250/2000000: Refining occupied complex gun wave (processes)
4934.18s 498737/2000000: Refining occupied complex gun wave (processes)
4944.59s 500222/2000000: Refining occupied complex gun wave (processes)
4954.93s 501712/2000000: Refining occupied complex gun wave (processes)
4965.26s 503191/2000000: Refining occupied complex gun wave (processes)
4975.65s 504638/2000000: Refining occupied complex gun wave (processes)
4985.94s 505986/2000000: Refining occupied complex gun wave (processes)
4996.26s 507382/2000000: Refining occupied complex gun wave (processes)
5006.79s 508753/2000000: Refining occupied complex gun wave (processes)
5017.06s 510190/2000000: Refining occupied complex gun wave (processes)
5027.38s 511693/2000000: Refining occupied complex gun wave (processes)
5037.60s 513140/2000000: Refining occupied complex gun wave (processes)
5047.83s 514571/2000000: Refining occupied complex gun wave (processes)
5057.88s 516020/2000000: Refining occupied complex gun wave (processes)
5068.26s 517507/2000000: Refining occupied complex gun wave (processes)
5078.33s 518925/2000000: Refining occupied complex gun wave (processes)
5088.43s 520350/2000000: Refining occupied complex gun wave (processes)
5098.64s 521798/2000000: Refining occupied complex gun wave (processes)
5108.87s 523201/2000000: Refining occupied complex gun wave (processes)
5121.46s 523474/2000000: Refining occupied complex gun wave (processes)
5133.40s 523679/2000000: Refining occupied complex gun wave (processes)
5143.87s 523871/2000000: Refining occupied complex gun wave (processes)
5154.50s 524065/2000000: Refining occupied complex gun wave (processes)
5165.24s 524259/2000000: Refining occupied complex gun wave (processes)
5176.75s 524453/2000000: Refining occupied complex gun wave (processes)
5187.84s 524647/2000000: Refining occupied complex gun wave (processes)
5198.25s 524843/2000000: Refining occupied complex gun wave (processes)
5209.10s 525037/2000000: Refining occupied complex gun wave (processes)
5219.52s 525229/2000000: Refining occupied complex gun wave (processes)
5229.94s 525423/2000000: Refining occupied complex gun wave (processes)
5240.23s 525617/2000000: Refining occupied complex gun wave (processes)
5253.40s 525875/2000000: Refining occupied complex gun wave (processes)
5266.22s 526134/2000000: Refining occupied complex gun wave (processes)
5279.27s 526394/2000000: Refining occupied complex gun wave (processes)
5292.20s 526654/2000000: Refining occupied complex gun wave (processes)
5305.24s 526912/2000000: Refining occupied complex gun wave (processes)
5318.37s 527171/2000000: Refining occupied complex gun wave (processes)
5331.61s 527428/2000000: Refining occupied complex gun wave (processes)
5341.83s 527622/2000000: Refining occupied complex gun wave (processes)
5354.98s 527878/2000000: Refining occupied complex gun wave (processes)
5365.05s 528071/2000000: Refining occupied complex gun wave (processes)
5375.60s 528265/2000000: Refining occupied complex gun wave (processes)
5388.84s 528522/2000000: Refining occupied complex gun wave (processes)
5401.87s 528778/2000000: Refining occupied complex gun wave (processes)
5414.44s 529035/2000000: Refining occupied complex gun wave (processes)
5426.91s 529293/2000000: Refining occupied complex gun wave (processes)
5439.40s 529551/2000000: Refining occupied complex gun wave (processes)
5452.02s 529808/2000000: Refining occupied complex gun wave (processes)
5465.06s 530067/2000000: Refining occupied complex gun wave (processes)
5477.98s 530326/2000000: Refining occupied complex gun wave (processes)
5491.21s 530583/2000000: Refining occupied complex gun wave (processes)
5501.38s 530776/2000000: Refining occupied complex gun wave (processes)
5511.99s 530969/2000000: Refining occupied complex gun wave (processes)
5522.64s 531163/2000000: Refining occupied complex gun wave (processes)
5532.87s 531356/2000000: Refining occupied complex gun wave (processes)
5543.42s 531550/2000000: Refining occupied complex gun wave (processes)
5554.74s 531744/2000000: Refining occupied complex gun wave (processes)
5566.24s 531938/2000000: Refining occupied complex gun wave (processes)
5576.96s 532131/2000000: Refining occupied complex gun wave (processes)
5587.59s 532324/2000000: Refining occupied complex gun wave (processes)
5598.57s 532518/2000000: Refining occupied complex gun wave (processes)
5609.12s 532710/2000000: Refining occupied complex gun wave (processes)
5619.98s 532905/2000000: Refining occupied complex gun wave (processes)
5630.71s 533099/2000000: Refining occupied complex gun wave (processes)
5641.44s 533291/2000000: Refining occupied complex gun wave (processes)
5652.07s 533485/2000000: Refining occupied complex gun wave (processes)
5662.47s 533677/2000000: Refining occupied complex gun wave (processes)
5673.31s 533871/2000000: Refining occupied complex gun wave (processes)
5683.82s 534067/2000000: Refining occupied complex gun wave (processes)
5694.13s 534261/2000000: Refining occupied complex gun wave (processes)
5704.43s 534456/2000000: Refining occupied complex gun wave (processes)
5714.60s 534649/2000000: Refining occupied complex gun wave (processes)
5724.79s 534843/2000000: Refining occupied complex gun wave (processes)
5734.97s 535035/2000000: Refining occupied complex gun wave (processes)
5745.16s 535228/2000000: Refining occupied complex gun wave (processes)
5755.91s 535421/2000000: Refining occupied complex gun wave (processes)
5767.88s 535615/2000000: Refining occupied complex gun wave (processes)
5779.71s 535810/2000000: Refining occupied complex gun wave (processes)
5791.80s 536003/2000000: Refining occupied complex gun wave (processes)
5804.01s 536195/2000000: Refining occupied complex gun wave (processes)
5815.97s 536388/2000000: Refining occupied complex gun wave (processes)
5828.30s 536582/2000000: Refining occupied complex gun wave (processes)
5840.26s 536776/2000000: Refining occupied complex gun wave (processes)
5851.88s 536970/2000000: Refining occupied complex gun wave (processes)
5863.98s 537164/2000000: Refining occupied complex gun wave (processes)
5875.73s 537357/2000000: Refining occupied complex gun wave (processes)
5886.69s 537551/2000000: Refining occupied complex gun wave (processes)
5897.47s 537744/2000000: Refining occupied complex gun wave (processes)
5908.89s 537938/2000000: Refining occupied complex gun wave (processes)
5920.52s 538130/2000000: Refining occupied complex gun wave (processes)
5928.73s 4/5252: Updating changed reflected-load prefix
5939.68s 18/48: Global complex gun check 18: change 0.01015; local 0.001043
5942.32s 4/5252: Updating changed reflected-load prefix
5952.33s 3908/5252: Updating changed reflected-load prefix
5960.83s 538294/2000000: Refining occupied complex gun wave (processes)
5971.47s 539438/2000000: Refining occupied complex gun wave (processes)
5981.47s 540567/2000000: Refining occupied complex gun wave (processes)
5991.60s 541635/2000000: Refining occupied complex gun wave (processes)
6001.98s 542753/2000000: Refining occupied complex gun wave (processes)
6012.41s 543925/2000000: Refining occupied complex gun wave (processes)
6022.55s 545155/2000000: Refining occupied complex gun wave (processes)
6032.99s 546326/2000000: Refining occupied complex gun wave (processes)
6043.46s 547557/2000000: Refining occupied complex gun wave (processes)
6053.95s 548786/2000000: Refining occupied complex gun wave (processes)
6064.57s 549999/2000000: Refining occupied complex gun wave (processes)
6075.06s 551100/2000000: Refining occupied complex gun wave (processes)
6085.30s 552268/2000000: Refining occupied complex gun wave (processes)
6095.40s 553497/2000000: Refining occupied complex gun wave (processes)
6105.86s 554803/2000000: Refining occupied complex gun wave (processes)
6116.40s 556116/2000000: Refining occupied complex gun wave (processes)
6126.46s 557374/2000000: Refining occupied complex gun wave (processes)
6136.86s 558481/2000000: Refining occupied complex gun wave (processes)
6147.52s 559643/2000000: Refining occupied complex gun wave (processes)
6157.65s 560763/2000000: Refining occupied complex gun wave (processes)
6167.83s 561899/2000000: Refining occupied complex gun wave (processes)
6178.32s 563132/2000000: Refining occupied complex gun wave (processes)
6188.39s 564342/2000000: Refining occupied complex gun wave (processes)
6198.46s 565571/2000000: Refining occupied complex gun wave (processes)
6208.75s 566760/2000000: Refining occupied complex gun wave (processes)
6218.87s 567876/2000000: Refining occupied complex gun wave (processes)
6229.24s 569049/2000000: Refining occupied complex gun wave (processes)
6239.37s 570158/2000000: Refining occupied complex gun wave (processes)
6249.76s 571324/2000000: Refining occupied complex gun wave (processes)
6260.00s 572541/2000000: Refining occupied complex gun wave (processes)
6270.21s 573716/2000000: Refining occupied complex gun wave (processes)
6280.24s 575017/2000000: Refining occupied complex gun wave (processes)
6290.47s 576404/2000000: Refining occupied complex gun wave (processes)
6300.89s 577895/2000000: Refining occupied complex gun wave (processes)
6310.92s 579106/2000000: Refining occupied complex gun wave (processes)
6321.34s 580461/2000000: Refining occupied complex gun wave (processes)
6331.76s 581805/2000000: Refining occupied complex gun wave (processes)
6342.18s 583194/2000000: Refining occupied complex gun wave (processes)
6352.50s 584465/2000000: Refining occupied complex gun wave (processes)
6363.10s 585642/2000000: Refining occupied complex gun wave (processes)
6373.52s 586782/2000000: Refining occupied complex gun wave (processes)
6383.59s 587942/2000000: Refining occupied complex gun wave (processes)
6394.03s 589066/2000000: Refining occupied complex gun wave (processes)
6404.52s 590343/2000000: Refining occupied complex gun wave (processes)
6414.89s 591708/2000000: Refining occupied complex gun wave (processes)
6425.20s 593086/2000000: Refining occupied complex gun wave (processes)
6435.50s 594516/2000000: Refining occupied complex gun wave (processes)
6445.93s 596009/2000000: Refining occupied complex gun wave (processes)
6456.01s 597583/2000000: Refining occupied complex gun wave (processes)
6466.18s 599156/2000000: Refining occupied complex gun wave (processes)
6476.49s 600732/2000000: Refining occupied complex gun wave (processes)
6486.93s 602225/2000000: Refining occupied complex gun wave (processes)
6497.25s 603437/2000000: Refining occupied complex gun wave (processes)
6507.77s 604703/2000000: Refining occupied complex gun wave (processes)
6518.21s 606045/2000000: Refining occupied complex gun wave (processes)
6528.66s 607382/2000000: Refining occupied complex gun wave (processes)
6539.07s 608692/2000000: Refining occupied complex gun wave (processes)
6549.51s 610035/2000000: Refining occupied complex gun wave (processes)
6559.90s 611184/2000000: Refining occupied complex gun wave (processes)
6570.24s 612435/2000000: Refining occupied complex gun wave (processes)
6580.78s 613768/2000000: Refining occupied complex gun wave (processes)
6591.24s 614901/2000000: Refining occupied complex gun wave (processes)
6601.66s 616041/2000000: Refining occupied complex gun wave (processes)
6612.06s 617180/2000000: Refining occupied complex gun wave (processes)
6622.71s 618272/2000000: Refining occupied complex gun wave (processes)
6633.25s 619382/2000000: Refining occupied complex gun wave (processes)
6643.31s 620411/2000000: Refining occupied complex gun wave (processes)
6653.43s 621556/2000000: Refining occupied complex gun wave (processes)
6663.94s 622832/2000000: Refining occupied complex gun wave (processes)
6673.97s 624042/2000000: Refining occupied complex gun wave (processes)
6684.19s 625291/2000000: Refining occupied complex gun wave (processes)
6694.73s 626590/2000000: Refining occupied complex gun wave (processes)
6705.27s 627871/2000000: Refining occupied complex gun wave (processes)
6715.80s 629123/2000000: Refining occupied complex gun wave (processes)
6726.40s 630363/2000000: Refining occupied complex gun wave (processes)
6736.85s 631596/2000000: Refining occupied complex gun wave (processes)
6746.96s 632821/2000000: Refining occupied complex gun wave (processes)
6757.23s 634063/2000000: Refining occupied complex gun wave (processes)
6767.76s 635246/2000000: Refining occupied complex gun wave (processes)
6778.16s 636417/2000000: Refining occupied complex gun wave (processes)
6788.70s 637677/2000000: Refining occupied complex gun wave (processes)
6798.77s 638915/2000000: Refining occupied complex gun wave (processes)
6808.96s 640088/2000000: Refining occupied complex gun wave (processes)
6819.05s 641275/2000000: Refining occupied complex gun wave (processes)
6829.07s 642506/2000000: Refining occupied complex gun wave (processes)
6839.50s 643801/2000000: Refining occupied complex gun wave (processes)
6850.04s 645066/2000000: Refining occupied complex gun wave (processes)
6860.68s 646314/2000000: Refining occupied complex gun wave (processes)
6871.00s 647545/2000000: Refining occupied complex gun wave (processes)
6881.54s 648841/2000000: Refining occupied complex gun wave (processes)
6891.55s 650055/2000000: Refining occupied complex gun wave (processes)
6901.69s 651289/2000000: Refining occupied complex gun wave (processes)
6911.70s 652533/2000000: Refining occupied complex gun wave (processes)
6921.84s 653728/2000000: Refining occupied complex gun wave (processes)
6932.25s 654903/2000000: Refining occupied complex gun wave (processes)
6942.36s 656053/2000000: Refining occupied complex gun wave (processes)
6952.49s 657195/2000000: Refining occupied complex gun wave (processes)
6962.49s 658339/2000000: Refining occupied complex gun wave (processes)
6972.96s 659517/2000000: Refining occupied complex gun wave (processes)
6983.49s 660690/2000000: Refining occupied complex gun wave (processes)
6994.08s 661885/2000000: Refining occupied complex gun wave (processes)
7004.59s 663092/2000000: Refining occupied complex gun wave (processes)
7015.11s 664315/2000000: Refining occupied complex gun wave (processes)
7025.25s 665419/2000000: Refining occupied complex gun wave (processes)
7035.60s 666642/2000000: Refining occupied complex gun wave (processes)
7046.11s 667894/2000000: Refining occupied complex gun wave (processes)
7056.56s 669135/2000000: Refining occupied complex gun wave (processes)
7066.73s 670368/2000000: Refining occupied complex gun wave (processes)
7077.23s 671641/2000000: Refining occupied complex gun wave (processes)
7087.87s 672968/2000000: Refining occupied complex gun wave (processes)
7098.34s 674209/2000000: Refining occupied complex gun wave (processes)
7108.49s 675412/2000000: Refining occupied complex gun wave (processes)
7119.03s 676658/2000000: Refining occupied complex gun wave (processes)
7129.18s 677914/2000000: Refining occupied complex gun wave (processes)
7139.58s 679276/2000000: Refining occupied complex gun wave (processes)
7149.99s 680585/2000000: Refining occupied complex gun wave (processes)
7160.42s 681919/2000000: Refining occupied complex gun wave (processes)
7170.49s 683199/2000000: Refining occupied complex gun wave (processes)
7180.92s 684550/2000000: Refining occupied complex gun wave (processes)
7191.43s 685889/2000000: Refining occupied complex gun wave (processes)
7201.82s 687233/2000000: Refining occupied complex gun wave (processes)
7212.32s 688542/2000000: Refining occupied complex gun wave (processes)
7222.59s 689789/2000000: Refining occupied complex gun wave (processes)
7232.97s 691062/2000000: Refining occupied complex gun wave (processes)
7243.24s 692516/2000000: Refining occupied complex gun wave (processes)
7253.47s 693950/2000000: Refining occupied complex gun wave (processes)
7263.76s 695415/2000000: Refining occupied complex gun wave (processes)
7274.06s 696864/2000000: Refining occupied complex gun wave (processes)
7284.33s 698258/2000000: Refining occupied complex gun wave (processes)
7294.55s 699575/2000000: Refining occupied complex gun wave (processes)
7304.74s 701036/2000000: Refining occupied complex gun wave (processes)
7315.12s 702121/2000000: Refining occupied complex gun wave (processes)
7325.50s 702523/2000000: Refining occupied complex gun wave (processes)
7337.27s 702929/2000000: Refining occupied complex gun wave (processes)
7351.66s 4/5252: Updating changed reflected-load prefix
7361.02s 19/48: Global complex gun check 19: change 0.006534; local 0.0005225
7363.61s 4/5252: Updating changed reflected-load prefix
7373.72s 3268/5252: Updating changed reflected-load prefix
7383.57s 703014/2000000: Refining occupied complex gun wave (processes)
7393.91s 704138/2000000: Refining occupied complex gun wave (processes)
7404.46s 705282/2000000: Refining occupied complex gun wave (processes)
7414.89s 706447/2000000: Refining occupied complex gun wave (processes)
7425.42s 707566/2000000: Refining occupied complex gun wave (processes)
7435.97s 708671/2000000: Refining occupied complex gun wave (processes)
7446.52s 709801/2000000: Refining occupied complex gun wave (processes)
7456.98s 710947/2000000: Refining occupied complex gun wave (processes)
7467.17s 712119/2000000: Refining occupied complex gun wave (processes)
7477.53s 713295/2000000: Refining occupied complex gun wave (processes)
7487.84s 714446/2000000: Refining occupied complex gun wave (processes)
7498.18s 715592/2000000: Refining occupied complex gun wave (processes)
7508.72s 716726/2000000: Refining occupied complex gun wave (processes)
7519.34s 717935/2000000: Refining occupied complex gun wave (processes)
7529.62s 719073/2000000: Refining occupied complex gun wave (processes)
7539.81s 720133/2000000: Refining occupied complex gun wave (processes)
7549.82s 721189/2000000: Refining occupied complex gun wave (processes)
7560.27s 722238/2000000: Refining occupied complex gun wave (processes)
7570.86s 723358/2000000: Refining occupied complex gun wave (processes)
7581.11s 724502/2000000: Refining occupied complex gun wave (processes)
7591.23s 725676/2000000: Refining occupied complex gun wave (processes)
7601.41s 726913/2000000: Refining occupied complex gun wave (processes)
7611.51s 728095/2000000: Refining occupied complex gun wave (processes)
7621.74s 729282/2000000: Refining occupied complex gun wave (processes)
7631.92s 730475/2000000: Refining occupied complex gun wave (processes)
7642.35s 731683/2000000: Refining occupied complex gun wave (processes)
7652.58s 732885/2000000: Refining occupied complex gun wave (processes)
7662.67s 734104/2000000: Refining occupied complex gun wave (processes)
7673.12s 735408/2000000: Refining occupied complex gun wave (processes)
7683.52s 736727/2000000: Refining occupied complex gun wave (processes)
7693.91s 738046/2000000: Refining occupied complex gun wave (processes)
7704.43s 739323/2000000: Refining occupied complex gun wave (processes)
7714.83s 740587/2000000: Refining occupied complex gun wave (processes)
7725.24s 741870/2000000: Refining occupied complex gun wave (processes)
7735.63s 743159/2000000: Refining occupied complex gun wave (processes)
7746.02s 744447/2000000: Refining occupied complex gun wave (processes)
7756.22s 745646/2000000: Refining occupied complex gun wave (processes)
7766.31s 746848/2000000: Refining occupied complex gun wave (processes)
7776.84s 748134/2000000: Refining occupied complex gun wave (processes)
7787.26s 749446/2000000: Refining occupied complex gun wave (processes)
7797.67s 750756/2000000: Refining occupied complex gun wave (processes)
7808.08s 752031/2000000: Refining occupied complex gun wave (processes)
7818.41s 753252/2000000: Refining occupied complex gun wave (processes)
7828.48s 754468/2000000: Refining occupied complex gun wave (processes)
7839.02s 755770/2000000: Refining occupied complex gun wave (processes)
7849.35s 756976/2000000: Refining occupied complex gun wave (processes)
7859.67s 758196/2000000: Refining occupied complex gun wave (processes)
7869.86s 759419/2000000: Refining occupied complex gun wave (processes)
7880.29s 760721/2000000: Refining occupied complex gun wave (processes)
7890.81s 761993/2000000: Refining occupied complex gun wave (processes)
7900.88s 763199/2000000: Refining occupied complex gun wave (processes)
7910.97s 764406/2000000: Refining occupied complex gun wave (processes)
7921.52s 765650/2000000: Refining occupied complex gun wave (processes)
7931.77s 766790/2000000: Refining occupied complex gun wave (processes)
7942.10s 767953/2000000: Refining occupied complex gun wave (processes)
7952.45s 769093/2000000: Refining occupied complex gun wave (processes)
7962.92s 770226/2000000: Refining occupied complex gun wave (processes)
7973.44s 771324/2000000: Refining occupied complex gun wave (processes)
7983.99s 772434/2000000: Refining occupied complex gun wave (processes)
7994.49s 773532/2000000: Refining occupied complex gun wave (processes)
8004.70s 774671/2000000: Refining occupied complex gun wave (processes)
8015.24s 775805/2000000: Refining occupied complex gun wave (processes)
8025.74s 776927/2000000: Refining occupied complex gun wave (processes)
8036.24s 778066/2000000: Refining occupied complex gun wave (processes)
8046.58s 779221/2000000: Refining occupied complex gun wave (processes)
8057.03s 780407/2000000: Refining occupied complex gun wave (processes)
8067.38s 781538/2000000: Refining occupied complex gun wave (processes)
8077.87s 782675/2000000: Refining occupied complex gun wave (processes)
8088.42s 783813/2000000: Refining occupied complex gun wave (processes)
8098.88s 784924/2000000: Refining occupied complex gun wave (processes)
8109.26s 786067/2000000: Refining occupied complex gun wave (processes)
8119.47s 787204/2000000: Refining occupied complex gun wave (processes)
8130.00s 788406/2000000: Refining occupied complex gun wave (processes)
8140.21s 789595/2000000: Refining occupied complex gun wave (processes)
8150.21s 790761/2000000: Refining occupied complex gun wave (processes)
8160.52s 791973/2000000: Refining occupied complex gun wave (processes)
8170.79s 793188/2000000: Refining occupied complex gun wave (processes)
8181.42s 794459/2000000: Refining occupied complex gun wave (processes)
8191.83s 795715/2000000: Refining occupied complex gun wave (processes)
8202.27s 796942/2000000: Refining occupied complex gun wave (processes)
8212.47s 798172/2000000: Refining occupied complex gun wave (processes)
8222.63s 799407/2000000: Refining occupied complex gun wave (processes)
8232.77s 800643/2000000: Refining occupied complex gun wave (processes)
8243.19s 801962/2000000: Refining occupied complex gun wave (processes)
8253.28s 803170/2000000: Refining occupied complex gun wave (processes)
8263.68s 804440/2000000: Refining occupied complex gun wave (processes)
8274.29s 805740/2000000: Refining occupied complex gun wave (processes)
8284.78s 806937/2000000: Refining occupied complex gun wave (processes)
8295.10s 808118/2000000: Refining occupied complex gun wave (processes)
8305.62s 809381/2000000: Refining occupied complex gun wave (processes)
8315.72s 810589/2000000: Refining occupied complex gun wave (processes)
8326.01s 811770/2000000: Refining occupied complex gun wave (processes)
8336.55s 812970/2000000: Refining occupied complex gun wave (processes)
8346.74s 814170/2000000: Refining occupied complex gun wave (processes)
8356.80s 815342/2000000: Refining occupied complex gun wave (processes)
8367.24s 816660/2000000: Refining occupied complex gun wave (processes)
8377.63s 817888/2000000: Refining occupied complex gun wave (processes)
8388.07s 819117/2000000: Refining occupied complex gun wave (processes)
8398.45s 820400/2000000: Refining occupied complex gun wave (processes)
8408.84s 821687/2000000: Refining occupied complex gun wave (processes)
8419.25s 822994/2000000: Refining occupied complex gun wave (processes)
8429.45s 824214/2000000: Refining occupied complex gun wave (processes)
8439.93s 825478/2000000: Refining occupied complex gun wave (processes)
8450.21s 826694/2000000: Refining occupied complex gun wave (processes)
8460.49s 827873/2000000: Refining occupied complex gun wave (processes)
8470.65s 829104/2000000: Refining occupied complex gun wave (processes)
8481.18s 830350/2000000: Refining occupied complex gun wave (processes)
8491.18s 831564/2000000: Refining occupied complex gun wave (processes)
8501.57s 832839/2000000: Refining occupied complex gun wave (processes)
8512.13s 834095/2000000: Refining occupied complex gun wave (processes)
8522.19s 835333/2000000: Refining occupied complex gun wave (processes)
8532.72s 836656/2000000: Refining occupied complex gun wave (processes)
8543.15s 837979/2000000: Refining occupied complex gun wave (processes)
8553.22s 839218/2000000: Refining occupied complex gun wave (processes)
8563.72s 840574/2000000: Refining occupied complex gun wave (processes)
8574.13s 841902/2000000: Refining occupied complex gun wave (processes)
8584.53s 843195/2000000: Refining occupied complex gun wave (processes)
8594.90s 844483/2000000: Refining occupied complex gun wave (processes)
8605.40s 845734/2000000: Refining occupied complex gun wave (processes)
8615.92s 846923/2000000: Refining occupied complex gun wave (processes)
8626.44s 848188/2000000: Refining occupied complex gun wave (processes)
8636.60s 849394/2000000: Refining occupied complex gun wave (processes)
8647.16s 850644/2000000: Refining occupied complex gun wave (processes)
8657.37s 851842/2000000: Refining occupied complex gun wave (processes)
8667.59s 853034/2000000: Refining occupied complex gun wave (processes)
8677.87s 854269/2000000: Refining occupied complex gun wave (processes)
8688.03s 855488/2000000: Refining occupied complex gun wave (processes)
8698.53s 856686/2000000: Refining occupied complex gun wave (processes)
8708.59s 857782/2000000: Refining occupied complex gun wave (processes)
8718.76s 859018/2000000: Refining occupied complex gun wave (processes)
8728.84s 860259/2000000: Refining occupied complex gun wave (processes)
8739.23s 861525/2000000: Refining occupied complex gun wave (processes)
8749.74s 862802/2000000: Refining occupied complex gun wave (processes)
8760.25s 864081/2000000: Refining occupied complex gun wave (processes)
8770.66s 865365/2000000: Refining occupied complex gun wave (processes)
8780.94s 866588/2000000: Refining occupied complex gun wave (processes)
8791.42s 867920/2000000: Refining occupied complex gun wave (processes)
8801.83s 869112/2000000: Refining occupied complex gun wave (processes)
8812.24s 870284/2000000: Refining occupied complex gun wave (processes)
8822.87s 871499/2000000: Refining occupied complex gun wave (processes)
8833.26s 872652/2000000: Refining occupied complex gun wave (processes)
8843.46s 873832/2000000: Refining occupied complex gun wave (processes)
8853.73s 875024/2000000: Refining occupied complex gun wave (processes)
8864.12s 876224/2000000: Refining occupied complex gun wave (processes)
8874.65s 877448/2000000: Refining occupied complex gun wave (processes)
8885.21s 878656/2000000: Refining occupied complex gun wave (processes)
8895.36s 879808/2000000: Refining occupied complex gun wave (processes)
8905.48s 880961/2000000: Refining occupied complex gun wave (processes)
8915.53s 882113/2000000: Refining occupied complex gun wave (processes)
8925.80s 883298/2000000: Refining occupied complex gun wave (processes)
8936.30s 884503/2000000: Refining occupied complex gun wave (processes)
8946.76s 885675/2000000: Refining occupied complex gun wave (processes)
8957.38s 886897/2000000: Refining occupied complex gun wave (processes)
8967.77s 888092/2000000: Refining occupied complex gun wave (processes)
8978.41s 889282/2000000: Refining occupied complex gun wave (processes)
8988.95s 890409/2000000: Refining occupied complex gun wave (processes)
8999.51s 891544/2000000: Refining occupied complex gun wave (processes)
9009.65s 892571/2000000: Refining occupied complex gun wave (processes)
9019.78s 893596/2000000: Refining occupied complex gun wave (processes)
9029.98s 894635/2000000: Refining occupied complex gun wave (processes)
9040.10s 895667/2000000: Refining occupied complex gun wave (processes)
9050.51s 896761/2000000: Refining occupied complex gun wave (processes)
9060.95s 897933/2000000: Refining occupied complex gun wave (processes)
9071.53s 899141/2000000: Refining occupied complex gun wave (processes)
9081.85s 900281/2000000: Refining occupied complex gun wave (processes)
9092.32s 901481/2000000: Refining occupied complex gun wave (processes)
9102.60s 902655/2000000: Refining occupied complex gun wave (processes)
9113.15s 903852/2000000: Refining occupied complex gun wave (processes)
9123.59s 905020/2000000: Refining occupied complex gun wave (processes)
9134.00s 906209/2000000: Refining occupied complex gun wave (processes)
9144.44s 907532/2000000: Refining occupied complex gun wave (processes)
9154.89s 908845/2000000: Refining occupied complex gun wave (processes)
9165.05s 910065/2000000: Refining occupied complex gun wave (processes)
9175.52s 911398/2000000: Refining occupied complex gun wave (processes)
9186.02s 912733/2000000: Refining occupied complex gun wave (processes)
9196.33s 914083/2000000: Refining occupied complex gun wave (processes)
9206.35s 915340/2000000: Refining occupied complex gun wave (processes)
9216.80s 916654/2000000: Refining occupied complex gun wave (processes)
9226.84s 917874/2000000: Refining occupied complex gun wave (processes)
9237.04s 919056/2000000: Refining occupied complex gun wave (processes)
9247.44s 920285/2000000: Refining occupied complex gun wave (processes)
9257.58s 921511/2000000: Refining occupied complex gun wave (processes)
